2026-08-14 06:34:22 +00:00:    ▲ Next.js 16.0.10
2026-08-14 06:34:22 +00:00:    - Local:         http://localhost:6002
2026-08-14 06:34:22 +00:00:    - Network:       http://31.97.224.169:6002
2026-08-14 06:34:22 +00:00: 
2026-08-14 06:34:22 +00:00:  ✓ Starting...
2026-08-14 06:34:22 +00:00:  ✓ Ready in 256ms
2026-08-14 08:48:50 +00:00:    ▲ Next.js 16.0.10
2026-08-14 08:48:50 +00:00:    - Local:         http://localhost:6002
2026-08-14 08:48:50 +00:00:    - Network:       http://31.97.224.169:6002
2026-08-14 08:48:50 +00:00: 
2026-08-14 08:48:50 +00:00:  ✓ Starting...
2026-08-14 08:48:50 +00:00:  ✓ Ready in 414ms
2026-08-17 05:33:27 +00:00:    ▲ Next.js 16.0.10
2026-08-17 05:33:27 +00:00:    - Local:         http://localhost:6002
2026-08-17 05:33:27 +00:00:    - Network:       http://31.97.224.169:6002
2026-08-17 05:33:27 +00:00: 
2026-08-17 05:33:27 +00:00:  ✓ Starting...
2026-08-17 05:33:28 +00:00:  ✓ Ready in 351ms
2026-08-17 05:52:21 +00:00:    ▲ Next.js 16.0.10
2026-08-17 05:52:21 +00:00:    - Local:         http://localhost:6002
2026-08-17 05:52:21 +00:00:    - Network:       http://31.97.224.169:6002
2026-08-17 05:52:21 +00:00: 
2026-08-17 05:52:21 +00:00:  ✓ Starting...
2026-08-17 05:52:22 +00:00:  ✓ Ready in 350ms
2026-08-17 05:59:05 +00:00:    ▲ Next.js 16.0.10
2026-08-17 05:59:05 +00:00:    - Local:         http://localhost:6002
2026-08-17 05:59:05 +00:00:    - Network:       http://31.97.224.169:6002
2026-08-17 05:59:05 +00:00: 
2026-08-17 05:59:05 +00:00:  ✓ Starting...
2026-08-17 05:59:06 +00:00:  ✓ Ready in 219ms
2026-08-17 06:04:01 +00:00:    ▲ Next.js 16.0.10
2026-08-17 06:04:01 +00:00:    - Local:         http://localhost:6002
2026-08-17 06:04:01 +00:00:    - Network:       http://31.97.224.169:6002
2026-08-17 06:04:01 +00:00: 
2026-08-17 06:04:01 +00:00:  ✓ Starting...
2026-08-17 06:04:01 +00:00:  ✓ Ready in 262ms
2026-08-17 06:07:18 +00:00:    ▲ Next.js 16.0.10
2026-08-17 06:07:18 +00:00:    - Local:         http://localhost:6002
2026-08-17 06:07:18 +00:00:    - Network:       http://31.97.224.169:6002
2026-08-17 06:07:18 +00:00: 
2026-08-17 06:07:18 +00:00:  ✓ Starting...
2026-08-17 06:07:18 +00:00:  ✓ Ready in 270ms
2026-08-17 06:21:45 +00:00:    ▲ Next.js 16.0.10
2026-08-17 06:21:45 +00:00:    - Local:         http://localhost:6002
2026-08-17 06:21:45 +00:00:    - Network:       http://31.97.224.169:6002
2026-08-17 06:21:45 +00:00: 
2026-08-17 06:21:45 +00:00:  ✓ Starting...
2026-08-17 06:21:46 +00:00:  ✓ Ready in 258ms
2026-08-17 06:44:20 +00:00:    ▲ Next.js 16.0.10
2026-08-17 06:44:20 +00:00:    - Local:         http://localhost:6002
2026-08-17 06:44:20 +00:00:    - Network:       http://31.97.224.169:6002
2026-08-17 06:44:20 +00:00: 
2026-08-17 06:44:20 +00:00:  ✓ Starting...
2026-08-17 06:44:20 +00:00:  ✓ Ready in 222ms
2026-08-17 07:21:14 +00:00:    ▲ Next.js 16.0.10
2026-08-17 07:21:14 +00:00:    - Local:         http://localhost:6002
2026-08-17 07:21:14 +00:00:    - Network:       http://31.97.224.169:6002
2026-08-17 07:21:14 +00:00: 
2026-08-17 07:21:14 +00:00:  ✓ Starting...
2026-08-17 07:21:14 +00:00:  ✓ Ready in 276ms
2026-08-17 07:27:12 +00:00:    ▲ Next.js 16.0.10
2026-08-17 07:27:12 +00:00:    - Local:         http://localhost:6002
2026-08-17 07:27:12 +00:00:    - Network:       http://31.97.224.169:6002
2026-08-17 07:27:12 +00:00: 
2026-08-17 07:27:12 +00:00:  ✓ Starting...
2026-08-17 07:27:12 +00:00:  ✓ Ready in 223ms
2026-08-17 08:22:03 +00:00:    ▲ Next.js 16.0.10
2026-08-17 08:22:03 +00:00:    - Local:         http://localhost:6002
2026-08-17 08:22:03 +00:00:    - Network:       http://31.97.224.169:6002
2026-08-17 08:22:03 +00:00: 
2026-08-17 08:22:03 +00:00:  ✓ Starting...
2026-08-17 08:22:03 +00:00:  ✓ Ready in 275ms
2026-08-17 08:37:32 +00:00:    ▲ Next.js 16.0.10
2026-08-17 08:37:32 +00:00:    - Local:         http://localhost:6002
2026-08-17 08:37:32 +00:00:    - Network:       http://31.97.224.169:6002
2026-08-17 08:37:32 +00:00: 
2026-08-17 08:37:32 +00:00:  ✓ Starting...
2026-08-17 08:37:32 +00:00:  ✓ Ready in 234ms
2026-08-17 08:38:50 +00:00:    ▲ Next.js 16.0.10
2026-08-17 08:38:50 +00:00:    - Local:         http://localhost:6002
2026-08-17 08:38:50 +00:00:    - Network:       http://31.97.224.169:6002
2026-08-17 08:38:50 +00:00: 
2026-08-17 08:38:50 +00:00:  ✓ Starting...
2026-08-17 08:38:50 +00:00:  ✓ Ready in 241ms
2026-08-17 08:50:42 +00:00:    ▲ Next.js 16.0.10
2026-08-17 08:50:42 +00:00:    - Local:         http://localhost:6002
2026-08-17 08:50:42 +00:00:    - Network:       http://31.97.224.169:6002
2026-08-17 08:50:42 +00:00: 
2026-08-17 08:50:42 +00:00:  ✓ Starting...
2026-08-17 08:50:42 +00:00:  ✓ Ready in 216ms
2026-08-17 10:00:20 +00:00:    ▲ Next.js 16.0.10
2026-08-17 10:00:20 +00:00:    - Local:         http://localhost:6002
2026-08-17 10:00:20 +00:00:    - Network:       http://31.97.224.169:6002
2026-08-17 10:00:20 +00:00: 
2026-08-17 10:00:20 +00:00:  ✓ Starting...
2026-08-17 10:00:20 +00:00:  ✓ Ready in 214ms
2026-08-17 11:01:18 +00:00:    ▲ Next.js 16.0.10
2026-08-17 11:01:18 +00:00:    - Local:         http://localhost:6002
2026-08-17 11:01:18 +00:00:    - Network:       http://31.97.224.169:6002
2026-08-17 11:01:18 +00:00: 
2026-08-17 11:01:18 +00:00:  ✓ Starting...
2026-08-17 11:01:18 +00:00:  ✓ Ready in 231ms
2026-08-17 13:33:49 +00:00:    ▲ Next.js 16.0.10
2026-08-17 13:33:49 +00:00:    - Local:         http://localhost:6002
2026-08-17 13:33:49 +00:00:    - Network:       http://31.97.224.169:6002
2026-08-17 13:33:49 +00:00: 
2026-08-17 13:33:49 +00:00:  ✓ Starting...
2026-08-17 13:33:49 +00:00:  ✓ Ready in 634ms
2026-08-18 12:35:42 +00:00:    ▲ Next.js 16.0.10
2026-08-18 12:35:42 +00:00:    - Local:         http://localhost:6002
2026-08-18 12:35:42 +00:00:    - Network:       http://31.97.224.169:6002
2026-08-18 12:35:42 +00:00: 
2026-08-18 12:35:42 +00:00:  ✓ Starting...
2026-08-18 12:35:43 +00:00:  ✓ Ready in 1587ms
2026-08-18 12:37:07 +00:00:    ▲ Next.js 16.0.10
2026-08-18 12:37:07 +00:00:    - Local:         http://localhost:6002
2026-08-18 12:37:07 +00:00:    - Network:       http://31.97.224.169:6002
2026-08-18 12:37:07 +00:00: 
2026-08-18 12:37:07 +00:00:  ✓ Starting...
2026-08-18 12:37:07 +00:00:  ✓ Ready in 669ms
2026-08-18 13:02:34 +00:00:    ▲ Next.js 16.0.10
2026-08-18 13:02:34 +00:00:    - Local:         http://localhost:6002
2026-08-18 13:02:34 +00:00:    - Network:       http://31.97.224.169:6002
2026-08-18 13:02:34 +00:00: 
2026-08-18 13:02:34 +00:00:  ✓ Starting...
2026-08-18 13:02:34 +00:00:  ✓ Ready in 242ms
2026-08-18 13:05:13 +00:00:    ▲ Next.js 16.0.10
2026-08-18 13:05:13 +00:00:    - Local:         http://localhost:6002
2026-08-18 13:05:13 +00:00:    - Network:       http://31.97.224.169:6002
2026-08-18 13:05:13 +00:00: 
2026-08-18 13:05:13 +00:00:  ✓ Starting...
2026-08-18 13:05:13 +00:00:  ✓ Ready in 233ms
2026-08-19 05:29:36 +00:00:    ▲ Next.js 16.0.10
2026-08-19 05:29:36 +00:00:    - Local:         http://localhost:6002
2026-08-19 05:29:36 +00:00:    - Network:       http://31.97.224.169:6002
2026-08-19 05:29:36 +00:00: 
2026-08-19 05:29:36 +00:00:  ✓ Starting...
2026-08-19 05:29:36 +00:00:  ✓ Ready in 551ms
2026-08-19 05:41:59 +00:00:    ▲ Next.js 16.0.10
2026-08-19 05:41:59 +00:00:    - Local:         http://localhost:6002
2026-08-19 05:41:59 +00:00:    - Network:       http://31.97.224.169:6002
2026-08-19 05:41:59 +00:00: 
2026-08-19 05:41:59 +00:00:  ✓ Starting...
2026-08-19 05:41:59 +00:00:  ✓ Ready in 243ms
2026-08-19 05:50:16 +00:00:    ▲ Next.js 16.0.10
2026-08-19 05:50:16 +00:00:    - Local:         http://localhost:6002
2026-08-19 05:50:16 +00:00:    - Network:       http://31.97.224.169:6002
2026-08-19 05:50:16 +00:00: 
2026-08-19 05:50:16 +00:00:  ✓ Starting...
2026-08-19 05:50:16 +00:00:  ✓ Ready in 244ms
2026-08-19 06:08:41 +00:00:    ▲ Next.js 16.0.10
2026-08-19 06:08:41 +00:00:    - Local:         http://localhost:6002
2026-08-19 06:08:41 +00:00:    - Network:       http://31.97.224.169:6002
2026-08-19 06:08:41 +00:00: 
2026-08-19 06:08:41 +00:00:  ✓ Starting...
2026-08-19 06:08:41 +00:00:  ✓ Ready in 231ms
2026-08-19 07:21:08 +00:00:    ▲ Next.js 16.0.10
2026-08-19 07:21:08 +00:00:    - Local:         http://localhost:6002
2026-08-19 07:21:08 +00:00:    - Network:       http://31.97.224.169:6002
2026-08-19 07:21:08 +00:00: 
2026-08-19 07:21:08 +00:00:  ✓ Starting...
2026-08-19 07:21:08 +00:00:  ✓ Ready in 462ms
2026-08-19 09:59:44 +00:00:    ▲ Next.js 16.0.10
2026-08-19 09:59:44 +00:00:    - Local:         http://localhost:6002
2026-08-19 09:59:44 +00:00:    - Network:       http://31.97.224.169:6002
2026-08-19 09:59:44 +00:00: 
2026-08-19 09:59:44 +00:00:  ✓ Starting...
2026-08-19 09:59:44 +00:00:  ✓ Ready in 411ms
2026-08-19 10:06:21 +00:00:    ▲ Next.js 16.0.10
2026-08-19 10:06:21 +00:00:    - Local:         http://localhost:6002
2026-08-19 10:06:21 +00:00:    - Network:       http://31.97.224.169:6002
2026-08-19 10:06:21 +00:00: 
2026-08-19 10:06:21 +00:00:  ✓ Starting...
2026-08-19 10:06:21 +00:00:  ✓ Ready in 272ms
2026-08-20 12:55:30 +00:00:    ▲ Next.js 16.0.10
2026-08-20 12:55:30 +00:00:    - Local:         http://localhost:6002
2026-08-20 12:55:30 +00:00:    - Network:       http://31.97.224.169:6002
2026-08-20 12:55:30 +00:00: 
2026-08-20 12:55:30 +00:00:  ✓ Starting...
2026-08-20 12:55:30 +00:00:  ✓ Ready in 578ms
2026-08-21 07:03:48 +00:00: [db-admin] Created project c5a0fab1-e846-4bd6-b42c-70f8fc269f30
2026-08-21 12:09:16 +00:00: [db-admin] Created project 27747940-1099-462e-8c91-290dc8c8644b
2026-08-24 10:36:59 +00:00:    ▲ Next.js 16.0.10
2026-08-24 10:36:59 +00:00:    - Local:         http://localhost:6002
2026-08-24 10:36:59 +00:00:    - Network:       http://31.97.224.169:6002
2026-08-24 10:36:59 +00:00: 
2026-08-24 10:36:59 +00:00:  ✓ Starting...
2026-08-24 10:36:59 +00:00:  ✓ Ready in 359ms
2026-08-24 10:39:43 +00:00: [API] PUT /api/v1/projects updating document: ce26de95-9663-48a8-8686-426cbe833e31
2026-08-24 10:40:01 +00:00: [API] PUT /api/v1/projects updating document: ce26de95-9663-48a8-8686-426cbe833e31
2026-08-24 11:05:18 +00:00: [API] PUT /api/v1/projects updating document: ce26de95-9663-48a8-8686-426cbe833e31
2026-08-24 11:16:30 +00:00: [API] PUT /api/v1/projects updating document: ce26de95-9663-48a8-8686-426cbe833e31
2026-08-24 11:30:04 +00:00: [API] PUT /api/v1/projects updating document: ce26de95-9663-48a8-8686-426cbe833e31
2026-08-24 11:30:22 +00:00: [API] PUT /api/v1/projects updating document: ce26de95-9663-48a8-8686-426cbe833e31
2026-08-24 11:30:32 +00:00: [API] PUT /api/v1/projects updating document: ce26de95-9663-48a8-8686-426cbe833e31
2026-08-24 11:30:43 +00:00: [API] PUT /api/v1/projects updating document: ce26de95-9663-48a8-8686-426cbe833e31
2026-08-24 11:31:05 +00:00: [API] PUT /api/v1/projects updating document: ce26de95-9663-48a8-8686-426cbe833e31
2026-08-24 11:32:04 +00:00: [API] PUT /api/v1/projects updating document: ce26de95-9663-48a8-8686-426cbe833e31
2026-08-24 11:32:36 +00:00: [API] PUT /api/v1/projects updating document: ce26de95-9663-48a8-8686-426cbe833e31
2026-08-24 11:33:34 +00:00: [API] PUT /api/v1/projects updating document: ce26de95-9663-48a8-8686-426cbe833e31
2026-08-24 11:44:17 +00:00: [API] PUT /api/v1/projects updating document: b03f0ee9-5183-4baa-a5d6-a0721938164a
2026-08-24 11:51:48 +00:00: [API] PUT /api/v1/projects updating document: b03f0ee9-5183-4baa-a5d6-a0721938164a
2026-08-24 12:10:16 +00:00: [API] PUT /api/v1/projects updating document: 98967081-4a6e-4df4-bf2c-d8b4351286bb
2026-08-24 12:11:31 +00:00: [API] PUT /api/v1/projects updating document: 98967081-4a6e-4df4-bf2c-d8b4351286bb
2026-08-24 12:14:02 +00:00: [API] PUT /api/v1/projects updating document: 98967081-4a6e-4df4-bf2c-d8b4351286bb
2026-09-02 10:58:24 +00:00:    ▲ Next.js 16.0.10
2026-09-02 10:58:24 +00:00:    - Local:         http://localhost:6002
2026-09-02 10:58:24 +00:00:    - Network:       http://31.97.224.169:6002
2026-09-02 10:58:24 +00:00: 
2026-09-02 10:58:24 +00:00:  ✓ Starting...
2026-09-02 10:58:25 +00:00:  ✓ Ready in 2.5s
2026-09-08 04:51:42 +00:00:    ▲ Next.js 16.0.10
2026-09-08 04:51:42 +00:00:    - Local:         http://localhost:6002
2026-09-08 04:51:42 +00:00:    - Network:       http://31.97.224.169:6002
2026-09-08 04:51:42 +00:00: 
2026-09-08 04:51:42 +00:00:  ✓ Starting...
2026-09-08 04:51:43 +00:00:  ✓ Ready in 1457ms
2026-09-08 04:55:04 +00:00:    ▲ Next.js 16.0.10
2026-09-08 04:55:04 +00:00:    - Local:         http://localhost:6002
2026-09-08 04:55:04 +00:00:    - Network:       http://31.97.224.169:6002
2026-09-08 04:55:04 +00:00: 
2026-09-08 04:55:04 +00:00:  ✓ Starting...
2026-09-08 04:55:04 +00:00:  ✓ Ready in 537ms
2026-09-08 05:11:18 +00:00:    ▲ Next.js 16.0.10
2026-09-08 05:11:18 +00:00:    - Local:         http://localhost:6002
2026-09-08 05:11:18 +00:00:    - Network:       http://31.97.224.169:6002
2026-09-08 05:11:18 +00:00: 
2026-09-08 05:11:18 +00:00:  ✓ Starting...
2026-09-08 05:11:18 +00:00:  ✓ Ready in 832ms
2026-09-08 05:14:03 +00:00:    ▲ Next.js 16.0.10
2026-09-08 05:14:03 +00:00:    - Local:         http://localhost:6002
2026-09-08 05:14:03 +00:00:    - Network:       http://31.97.224.169:6002
2026-09-08 05:14:03 +00:00: 
2026-09-08 05:14:03 +00:00:  ✓ Starting...
2026-09-08 05:14:03 +00:00:  ✓ Ready in 754ms
2026-09-26 06:34:23 +00:00:    ▲ Next.js 16.0.10
2026-09-26 06:34:23 +00:00:    - Local:         http://localhost:6002
2026-09-26 06:34:23 +00:00:    - Network:       http://31.97.224.169:6002
2026-09-26 06:34:23 +00:00: 
2026-09-26 06:34:23 +00:00:  ✓ Starting...
2026-09-26 06:34:24 +00:00:  ✓ Ready in 698ms
2026-09-26 06:36:38 +00:00:    ▲ Next.js 16.0.10
2026-09-26 06:36:38 +00:00:    - Local:         http://localhost:6002
2026-09-26 06:36:38 +00:00:    - Network:       http://31.97.224.169:6002
2026-09-26 06:36:38 +00:00: 
2026-09-26 06:36:38 +00:00:  ✓ Starting...
2026-09-26 06:36:38 +00:00:  ✓ Ready in 286ms
